# Copyright 2023 PingCAP, Inc.
#
# Licensed under the Apache License, Version 2.0 (the "License");
# you may not use this file except in compliance with the License.
# You may obtain a copy of the License at
#
#     http://www.apache.org/licenses/LICENSE-2.0
#
# Unless required by applicable law or agreed to in writing, software
# distributed under the License is distributed on an "AS IS" BASIS,
# WITHOUT WARRANTIES OR CONDITIONS OF ANY KIND, either express or implied.
# See the License for the specific language governing permissions and
# limitations under the License.

mysql> drop table if exists test.t;
mysql> drop table if exists test_new.t2;
mysql> drop database if exists test_new;

# (case 1) rename table across database
## prepare some data
mysql> create table test.t(a int, b int)
mysql> alter table test.t set tiflash replica 1 location labels 'rack', 'host', 'abc'
mysql> insert into test.t values (1, 1),(1, 2);
func> wait_table test t
mysql> set session tidb_isolation_read_engines='tiflash'; select * from test.t;
+------+------+
| a    | b    |
+------+------+
|    1 |    1 |
|    1 |    2 |
+------+------+
# check table info in tiflash
>> select tidb_database,tidb_name from system.tables where tidb_database = 'test' and tidb_name='t' and is_tombstone = 0
┌─tidb_database─┬─tidb_name─┐
│ test          │ t         │
└───────────────┴───────────┘

# rename table across databases
mysql> create database if not exists test_new;
mysql> rename table test.t to test_new.t2;
=> DBGInvoke __refresh_schemas() 

mysql> set session tidb_isolation_read_engines='tiflash'; select * from test.t;
ERROR 1146 (42S02) at line 1: Table 'test.t' doesn't exist
mysql> set session tidb_isolation_read_engines='tiflash'; select * from test_new.t2;
+------+------+
| a    | b    |
+------+------+
|    1 |    1 |
|    1 |    2 |
+------+------+

# check if table info updated.
>> select tidb_database,tidb_name from system.tables where is_tombstone = 0 and ((tidb_database = 'test' and tidb_name='t') or (tidb_database='test_new' and tidb_name='t2'))
┌─tidb_database─┬─tidb_name─┐
│ test_new      │ t2        │
└───────────────┴───────────┘


mysql> drop table if exists test.t;
mysql> drop table if exists test_new.t2;
mysql> drop database if exists test_new;

# (case 2) rename table across database
mysql> create database if not exists test
mysql> create database if not exists test_new
## (required) stop regular schema sync
=> DBGInvoke __enable_schema_sync_service('false')

mysql> create table test.t(a int, b int);
mysql> insert into test.t values (1, 1); insert into test.t values (1, 2);
## (required) sync table id mapping to tiflash
=> DBGInvoke __refresh_schemas()
mysql> rename table test.t to test_new.t2;
mysql> alter table test_new.t2 set tiflash replica 1;
## new snapshot sync to tiflash, but the table id mapping is not updated
func> wait_table test_new t2
mysql> set session tidb_isolation_read_engines='tiflash'; select * from test_new.t2;
+------+------+
| a    | b    |
+------+------+
|    1 |    1 |
|    1 |    2 |
+------+------+

mysql> drop table if exists test.t;
mysql> drop table if exists test_new.t2;
mysql> drop database if exists test_new;

## (required) create a new table and sync to tiflash, check whether it can apply
mysql> drop table if exists test.t3;
mysql> create table test.t3(c int, d int);
mysql> insert into test.t3 values (3,3),(3,4);
mysql> alter table test.t3 set tiflash replica 1;
func> wait_table test t3
mysql> set session tidb_isolation_read_engines='tiflash'; select * from test.t3;
+------+------+
| c    | d    |
+------+------+
|    3 |    3 |
|    3 |    4 |
+------+------+

mysql> drop table if exists test.t3;

# (case 3) rename partitioned table across database
mysql> create database if not exists test_new;
mysql> drop table if exists test.part4;
mysql> CREATE TABLE test.part4 (id INT NOT NULL,store_id INT NOT NULL)PARTITION BY RANGE (store_id) (PARTITION p0 VALUES LESS THAN (6),PARTITION p1 VALUES LESS THAN (11),PARTITION p2 VALUES LESS THAN (16),PARTITION p3 VALUES LESS THAN (21));
# (1,1),(2,2),(3,3) => p0; p1 is empty;(11,11) => p2;(16,16) => p3
mysql> insert into test.part4(id, store_id) values(1,1),(2,2),(3,3),(11,11),(16,16);
mysql> alter table test.part4 set tiflash replica 1;
func> wait_table test part4

mysql> rename test.part4 to test_new.part4;
