mysql> drop table if exists test.t;
mysql> drop table if exists test_new.t2;
mysql> drop database if exists test_new;

mysql> create table test.t(a int, b int)
mysql> alter table test.t set tiflash replica 1 location labels 'rack', 'host', 'abc'

func> wait_table test t

mysql> insert into test.t values (1, 1);
mysql> insert into test.t values (1, 2);

mysql> set session tidb_isolation_read_engines='tiflash'; select * from test.t;
+------+------+
| a    | b    |
+------+------+
|    1 |    1 |
|    1 |    2 |
+------+------+

# check table info in tiflash
>> select tidb_database,tidb_name from system.tables where tidb_database = 'test' and tidb_name='t' and is_tombstone = 0
┌─tidb_database─┬─tidb_name─┐
│ test          │ t         │
└───────────────┴───────────┘

# rename table across databases
mysql> create database if not exists test_new;
mysql> rename table test.t to test_new.t2;
mysql> set session tidb_isolation_read_engines='tiflash'; select * from test.t;
ERROR 1146 (42S02) at line 1: Table 'test.t' doesn't exist
mysql> set session tidb_isolation_read_engines='tiflash'; select * from test_new.t2;
+------+------+
| a    | b    |
+------+------+
|    1 |    1 |
|    1 |    2 |
+------+------+

# check if table info updated.
>> select tidb_database,tidb_name from system.tables where is_tombstone = 0 and (tidb_database = 'test' and tidb_name='t') or (tidb_database='test_new' and tidb_name='t2')
┌─tidb_database─┬─tidb_name─┐
│ test_new      │ t2        │
└───────────────┴───────────┘


mysql> drop table if exists test.t;
mysql> drop table if exists test_new.t2;
mysql> drop database if exists test_new;
